Archive member included because of file (symbol)

/usr/lib/gcc/avr/4.8.1/avr4/libgcc.a(_exit.o)
                              /usr/lib/gcc/avr/4.8.1/../../../avr/lib/avr4/crtm8.o (exit)
/usr/lib/gcc/avr/4.8.1/avr4/libgcc.a(_copy_data.o)
                              ./UART.o (__do_copy_data)
/usr/lib/gcc/avr/4.8.1/../../../avr/lib/avr4/libm.a(addsf3.o)
                              ./main.o (__subsf3)
/usr/lib/gcc/avr/4.8.1/../../../avr/lib/avr4/libm.a(addsf3x.o)
                              /usr/lib/gcc/avr/4.8.1/../../../avr/lib/avr4/libm.a(addsf3.o) (__addsf3x)
/usr/lib/gcc/avr/4.8.1/../../../avr/lib/avr4/libm.a(cmpsf2.o)
                              ./main.o (__lesf2)
/usr/lib/gcc/avr/4.8.1/../../../avr/lib/avr4/libm.a(fixsfsi.o)
                              ./main.o (__fixsfsi)
/usr/lib/gcc/avr/4.8.1/../../../avr/lib/avr4/libm.a(fixunssfsi.o)
                              /usr/lib/gcc/avr/4.8.1/../../../avr/lib/avr4/libm.a(fixsfsi.o) (__fixunssfsi)
/usr/lib/gcc/avr/4.8.1/../../../avr/lib/avr4/libm.a(floatsisf.o)
                              ./main.o (__floatunsisf)
/usr/lib/gcc/avr/4.8.1/../../../avr/lib/avr4/libm.a(fp_cmp.o)
                              /usr/lib/gcc/avr/4.8.1/../../../avr/lib/avr4/libm.a(cmpsf2.o) (__fp_cmp)
/usr/lib/gcc/avr/4.8.1/../../../avr/lib/avr4/libm.a(fp_inf.o)
                              /usr/lib/gcc/avr/4.8.1/../../../avr/lib/avr4/libm.a(addsf3x.o) (__fp_inf)
/usr/lib/gcc/avr/4.8.1/../../../avr/lib/avr4/libm.a(fp_nan.o)
                              /usr/lib/gcc/avr/4.8.1/../../../avr/lib/avr4/libm.a(addsf3x.o) (__fp_nan)
/usr/lib/gcc/avr/4.8.1/../../../avr/lib/avr4/libm.a(fp_pscA.o)
                              /usr/lib/gcc/avr/4.8.1/../../../avr/lib/avr4/libm.a(addsf3x.o) (__fp_pscA)
/usr/lib/gcc/avr/4.8.1/../../../avr/lib/avr4/libm.a(fp_pscB.o)
                              /usr/lib/gcc/avr/4.8.1/../../../avr/lib/avr4/libm.a(addsf3x.o) (__fp_pscB)
/usr/lib/gcc/avr/4.8.1/../../../avr/lib/avr4/libm.a(fp_round.o)
                              /usr/lib/gcc/avr/4.8.1/../../../avr/lib/avr4/libm.a(addsf3.o) (__fp_round)
/usr/lib/gcc/avr/4.8.1/../../../avr/lib/avr4/libm.a(fp_split3.o)
                              /usr/lib/gcc/avr/4.8.1/../../../avr/lib/avr4/libm.a(addsf3x.o) (__fp_split3)
/usr/lib/gcc/avr/4.8.1/../../../avr/lib/avr4/libm.a(fp_zero.o)
                              /usr/lib/gcc/avr/4.8.1/../../../avr/lib/avr4/libm.a(addsf3x.o) (__fp_zero)
/usr/lib/gcc/avr/4.8.1/../../../avr/lib/avr4/libm.a(gesf2.o)
                              ./main.o (__gesf2)
/usr/lib/gcc/avr/4.8.1/../../../avr/lib/avr4/libm.a(mulsf3.o)
                              ./main.o (__mulsf3)
/usr/lib/gcc/avr/4.8.1/../../../avr/lib/avr4/libm.a(mulsf3x.o)
                              /usr/lib/gcc/avr/4.8.1/../../../avr/lib/avr4/libm.a(mulsf3.o) (__mulsf3x)
/usr/lib/gcc/avr/4.8.1/../../../avr/lib/avr4/libm.a(trunc.o)
                              ./main.o (trunc)
/usr/lib/gcc/avr/4.8.1/../../../avr/lib/avr4/libm.a(fp_mintl.o)
                              /usr/lib/gcc/avr/4.8.1/../../../avr/lib/avr4/libm.a(trunc.o) (__fp_mintl)
/usr/lib/gcc/avr/4.8.1/../../../avr/lib/avr4/libm.a(fp_mpack.o)
                              /usr/lib/gcc/avr/4.8.1/../../../avr/lib/avr4/libm.a(trunc.o) (__fp_mpack)
/usr/lib/gcc/avr/4.8.1/../../../avr/lib/avr4/libm.a(fp_trunc.o)
                              /usr/lib/gcc/avr/4.8.1/../../../avr/lib/avr4/libm.a(trunc.o) (__fp_trunc)
/usr/lib/gcc/avr/4.8.1/../../../avr/lib/avr4/libc.a(sprintf.o)
                              ./UART.o (sprintf)
/usr/lib/gcc/avr/4.8.1/../../../avr/lib/avr4/libc.a(vfprintf_std.o)
                              /usr/lib/gcc/avr/4.8.1/../../../avr/lib/avr4/libc.a(sprintf.o) (vfprintf)
/usr/lib/gcc/avr/4.8.1/../../../avr/lib/avr4/libc.a(strnlen_P.o)
                              /usr/lib/gcc/avr/4.8.1/../../../avr/lib/avr4/libc.a(vfprintf_std.o) (strnlen_P)
/usr/lib/gcc/avr/4.8.1/../../../avr/lib/avr4/libc.a(strnlen.o)
                              /usr/lib/gcc/avr/4.8.1/../../../avr/lib/avr4/libc.a(vfprintf_std.o) (strnlen)
/usr/lib/gcc/avr/4.8.1/../../../avr/lib/avr4/libc.a(fputc.o)
                              /usr/lib/gcc/avr/4.8.1/../../../avr/lib/avr4/libc.a(vfprintf_std.o) (fputc)
/usr/lib/gcc/avr/4.8.1/../../../avr/lib/avr4/libc.a(ultoa_invert.o)
                              /usr/lib/gcc/avr/4.8.1/../../../avr/lib/avr4/libc.a(vfprintf_std.o) (__ultoa_invert)
/usr/lib/gcc/avr/4.8.1/avr4/libgcc.a(_prologue.o)
                              /usr/lib/gcc/avr/4.8.1/../../../avr/lib/avr4/libc.a(sprintf.o) (__prologue_saves__)
/usr/lib/gcc/avr/4.8.1/avr4/libgcc.a(_epilogue.o)
                              /usr/lib/gcc/avr/4.8.1/../../../avr/lib/avr4/libc.a(sprintf.o) (__epilogue_restores__)

Memory Configuration

Name             Origin             Length             Attributes
text             0x00000000         0x00002000         xr
data             0x00800060         0x0000ffa0         rw !x
eeprom           0x00810000         0x00010000         rw !x
fuse             0x00820000         0x00000400         rw !x
lock             0x00830000         0x00000400         rw !x
signature        0x00840000         0x00000400         rw !x
user_signatures  0x00850000         0x00000400         rw !x
*default*        0x00000000         0xffffffff

Linker script and memory map

LOAD /usr/lib/gcc/avr/4.8.1/../../../avr/lib/avr4/crtm8.o
LOAD ./UART.o
LOAD ./main.o
START GROUP
LOAD /usr/lib/gcc/avr/4.8.1/avr4/libgcc.a
LOAD /usr/lib/gcc/avr/4.8.1/../../../avr/lib/avr4/libm.a
LOAD /usr/lib/gcc/avr/4.8.1/../../../avr/lib/avr4/libc.a
END GROUP

.hash
 *(.hash)

.dynsym
 *(.dynsym)

.dynstr
 *(.dynstr)

.gnu.version
 *(.gnu.version)

.gnu.version_d
 *(.gnu.version_d)

.gnu.version_r
 *(.gnu.version_r)

.rel.init
 *(.rel.init)

.rela.init
 *(.rela.init)

.rel.text
 *(.rel.text)
 *(.rel.text.*)
 *(.rel.gnu.linkonce.t*)

.rela.text
 *(.rela.text)
 *(.rela.text.*)
 *(.rela.gnu.linkonce.t*)

.rel.fini
 *(.rel.fini)

.rela.fini
 *(.rela.fini)

.rel.rodata
 *(.rel.rodata)
 *(.rel.rodata.*)
 *(.rel.gnu.linkonce.r*)

.rela.rodata
 *(.rela.rodata)
 *(.rela.rodata.*)
 *(.rela.gnu.linkonce.r*)

.rel.data
 *(.rel.data)
 *(.rel.data.*)
 *(.rel.gnu.linkonce.d*)

.rela.data
 *(.rela.data)
 *(.rela.data.*)
 *(.rela.gnu.linkonce.d*)

.rel.ctors
 *(.rel.ctors)

.rela.ctors
 *(.rela.ctors)

.rel.dtors
 *(.rel.dtors)

.rela.dtors
 *(.rela.dtors)

.rel.got
 *(.rel.got)

.rela.got
 *(.rela.got)

.rel.bss
 *(.rel.bss)

.rela.bss
 *(.rela.bss)

.rel.plt
 *(.rel.plt)

.rela.plt
 *(.rela.plt)

.text           0x00000000      0xc8a
 *(.vectors)
 .vectors       0x00000000       0x26 /usr/lib/gcc/avr/4.8.1/../../../avr/lib/avr4/crtm8.o
                0x00000000                __vectors
                0x00000000                __vector_default
 *(.vectors)
 *(.progmem.gcc*)
                0x00000026                . = ALIGN (0x2)
                0x00000026                __trampolines_start = .
 *(.trampolines)
 .trampolines   0x00000026        0x0 linker stubs
 *(.trampolines*)
                0x00000026                __trampolines_end = .
 *(.progmem*)
                0x00000026                . = ALIGN (0x2)
 *(.jumptables)
 *(.jumptables*)
 *(.lowtext)
 *(.lowtext*)
                0x00000026                __ctors_start = .
 *(.ctors)
                0x00000026                __ctors_end = .
                0x00000026                __dtors_start = .
 *(.dtors)
                0x00000026                __dtors_end = .
 SORT(*)(.ctors)
 SORT(*)(.dtors)
 *(.init0)
 .init0         0x00000026        0x0 /usr/lib/gcc/avr/4.8.1/../../../avr/lib/avr4/crtm8.o
                0x00000026                __init
 *(.init0)
 *(.init1)
 *(.init1)
 *(.init2)
 .init2         0x00000026        0xc /usr/lib/gcc/avr/4.8.1/../../../avr/lib/avr4/crtm8.o
 *(.init2)
 *(.init3)
 *(.init3)
 *(.init4)
 .init4         0x00000032       0x16 /usr/lib/gcc/avr/4.8.1/avr4/libgcc.a(_copy_data.o)
                0x00000032                __do_copy_data
 *(.init4)
 *(.init5)
 *(.init5)
 *(.init6)
 *(.init6)
 *(.init7)
 *(.init7)
 *(.init8)
 *(.init8)
 *(.init9)
 .init9         0x00000048        0x4 /usr/lib/gcc/avr/4.8.1/../../../avr/lib/avr4/crtm8.o
 *(.init9)
 *(.text)
 .text          0x0000004c        0x2 /usr/lib/gcc/avr/4.8.1/../../../avr/lib/avr4/crtm8.o
                0x0000004c                __vector_1
                0x0000004c                __vector_12
                0x0000004c                __bad_interrupt
                0x0000004c                __vector_6
                0x0000004c                __vector_3
                0x0000004c                __vector_11
                0x0000004c                __vector_13
                0x0000004c                __vector_17
                0x0000004c                __vector_7
                0x0000004c                __vector_5
                0x0000004c                __vector_4
                0x0000004c                __vector_9
                0x0000004c                __vector_2
                0x0000004c                __vector_15
                0x0000004c                __vector_8
                0x0000004c                __vector_14
                0x0000004c                __vector_10
                0x0000004c                __vector_16
                0x0000004c                __vector_18
 .text          0x0000004e        0x0 ./UART.o
 .text          0x0000004e        0x0 ./main.o
 .text          0x0000004e        0x0 /usr/lib/gcc/avr/4.8.1/avr4/libgcc.a(_exit.o)
 .text          0x0000004e        0x0 /usr/lib/gcc/avr/4.8.1/avr4/libgcc.a(_copy_data.o)
 .text          0x0000004e        0x0 /usr/lib/gcc/avr/4.8.1/../../../avr/lib/avr4/libm.a(addsf3.o)
 .text          0x0000004e        0x0 /usr/lib/gcc/avr/4.8.1/../../../avr/lib/avr4/libm.a(addsf3x.o)
 .text          0x0000004e        0x0 /usr/lib/gcc/avr/4.8.1/../../../avr/lib/avr4/libm.a(cmpsf2.o)
 .text          0x0000004e        0x0 /usr/lib/gcc/avr/4.8.1/../../../avr/lib/avr4/libm.a(fixsfsi.o)
 .text          0x0000004e        0x0 /usr/lib/gcc/avr/4.8.1/../../../avr/lib/avr4/libm.a(fixunssfsi.o)
 .text          0x0000004e        0x0 /usr/lib/gcc/avr/4.8.1/../../../avr/lib/avr4/libm.a(floatsisf.o)
 .text          0x0000004e        0x0 /usr/lib/gcc/avr/4.8.1/../../../avr/lib/avr4/libm.a(fp_cmp.o)
 .text          0x0000004e        0x0 /usr/lib/gcc/avr/4.8.1/../../../avr/lib/avr4/libm.a(fp_inf.o)
 .text          0x0000004e        0x0 /usr/lib/gcc/avr/4.8.1/../../../avr/lib/avr4/libm.a(fp_nan.o)
 .text          0x0000004e        0x0 /usr/lib/gcc/avr/4.8.1/../../../avr/lib/avr4/libm.a(fp_pscA.o)
 .text          0x0000004e        0x0 /usr/lib/gcc/avr/4.8.1/../../../avr/lib/avr4/libm.a(fp_pscB.o)
 .text          0x0000004e        0x0 /usr/lib/gcc/avr/4.8.1/../../../avr/lib/avr4/libm.a(fp_round.o)
 .text          0x0000004e        0x0 /usr/lib/gcc/avr/4.8.1/../../../avr/lib/avr4/libm.a(fp_split3.o)
 .text          0x0000004e        0x0 /usr/lib/gcc/avr/4.8.1/../../../avr/lib/avr4/libm.a(fp_zero.o)
 .text          0x0000004e        0x0 /usr/lib/gcc/avr/4.8.1/../../../avr/lib/avr4/libm.a(gesf2.o)
 .text          0x0000004e        0x0 /usr/lib/gcc/avr/4.8.1/../../../avr/lib/avr4/libm.a(mulsf3.o)
 .text          0x0000004e        0x0 /usr/lib/gcc/avr/4.8.1/../../../avr/lib/avr4/libm.a(mulsf3x.o)
 .text          0x0000004e        0x0 /usr/lib/gcc/avr/4.8.1/../../../avr/lib/avr4/libm.a(trunc.o)
 .text          0x0000004e        0x0 /usr/lib/gcc/avr/4.8.1/../../../avr/lib/avr4/libm.a(fp_mintl.o)
 .text          0x0000004e        0x0 /usr/lib/gcc/avr/4.8.1/../../../avr/lib/avr4/libm.a(fp_mpack.o)
 .text          0x0000004e        0x0 /usr/lib/gcc/avr/4.8.1/../../../avr/lib/avr4/libm.a(fp_trunc.o)
 .text          0x0000004e        0x0 /usr/lib/gcc/avr/4.8.1/../../../avr/lib/avr4/libc.a(sprintf.o)
 .text          0x0000004e        0x0 /usr/lib/gcc/avr/4.8.1/../../../avr/lib/avr4/libc.a(vfprintf_std.o)
 .text          0x0000004e        0x0 /usr/lib/gcc/avr/4.8.1/../../../avr/lib/avr4/libc.a(strnlen_P.o)
 .text          0x0000004e        0x0 /usr/lib/gcc/avr/4.8.1/../../../avr/lib/avr4/libc.a(strnlen.o)
 .text          0x0000004e        0x0 /usr/lib/gcc/avr/4.8.1/../../../avr/lib/avr4/libc.a(fputc.o)
 .text          0x0000004e        0x0 /usr/lib/gcc/avr/4.8.1/../../../avr/lib/avr4/libc.a(ultoa_invert.o)
 .text          0x0000004e        0x0 /usr/lib/gcc/avr/4.8.1/avr4/libgcc.a(_prologue.o)
 .text          0x0000004e        0x0 /usr/lib/gcc/avr/4.8.1/avr4/libgcc.a(_epilogue.o)
                0x0000004e                . = ALIGN (0x2)
 *(.text.*)
 .text.USART_Init
                0x0000004e        0xe ./UART.o
                0x0000004e                USART_Init
 .text.USART_Transmit
                0x0000005c        0x8 ./UART.o
                0x0000005c                USART_Transmit
 .text.USART_Receive
                0x00000064        0x8 ./UART.o
                0x00000064                USART_Receive
 .text.USART_TransmitString
                0x0000006c       0x16 ./UART.o
                0x0000006c                USART_TransmitString
 .text.USART_ClearTerminal
                0x00000082       0x14 ./UART.o
                0x00000082                USART_ClearTerminal
 .text.USART_CursorPosition
                0x00000096       0x6a ./UART.o
                0x00000096                USART_CursorPosition
 .text.USART_ForegroundColor
                0x00000100       0xa2 ./UART.o
                0x00000100                USART_ForegroundColor
 .text.measure  0x000001a2        0xc ./main.o
                0x000001a2                measure
 .text.startup.main
                0x000001ae      0x166 ./main.o
                0x000001ae                main
 .text.libgcc.mul
                0x00000314        0x0 /usr/lib/gcc/avr/4.8.1/avr4/libgcc.a(_exit.o)
 .text.libgcc.div
                0x00000314        0x0 /usr/lib/gcc/avr/4.8.1/avr4/libgcc.a(_exit.o)
 .text.libgcc   0x00000314        0x0 /usr/lib/gcc/avr/4.8.1/avr4/libgcc.a(_exit.o)
 .text.libgcc.prologue
                0x00000314        0x0 /usr/lib/gcc/avr/4.8.1/avr4/libgcc.a(_exit.o)
 .text.libgcc.builtins
                0x00000314        0x0 /usr/lib/gcc/avr/4.8.1/avr4/libgcc.a(_exit.o)
 .text.libgcc.fmul
                0x00000314        0x0 /usr/lib/gcc/avr/4.8.1/avr4/libgcc.a(_exit.o)
 .text.libgcc.fixed
                0x00000314        0x0 /usr/lib/gcc/avr/4.8.1/avr4/libgcc.a(_exit.o)
 .text.libgcc.mul
                0x00000314        0x0 /usr/lib/gcc/avr/4.8.1/avr4/libgcc.a(_copy_data.o)
 .text.libgcc.div
                0x00000314        0x0 /usr/lib/gcc/avr/4.8.1/avr4/libgcc.a(_copy_data.o)
 .text.libgcc   0x00000314        0x0 /usr/lib/gcc/avr/4.8.1/avr4/libgcc.a(_copy_data.o)
 .text.libgcc.prologue
                0x00000314        0x0 /usr/lib/gcc/avr/4.8.1/avr4/libgcc.a(_copy_data.o)
 .text.libgcc.builtins
                0x00000314        0x0 /usr/lib/gcc/avr/4.8.1/avr4/libgcc.a(_copy_data.o)
 .text.libgcc.fmul
                0x00000314        0x0 /usr/lib/gcc/avr/4.8.1/avr4/libgcc.a(_copy_data.o)
 .text.libgcc.fixed
                0x00000314        0x0 /usr/lib/gcc/avr/4.8.1/avr4/libgcc.a(_copy_data.o)
 .text.avr-libc.fplib
                0x00000314        0xa /usr/lib/gcc/avr/4.8.1/../../../avr/lib/avr4/libm.a(addsf3.o)
                0x00000314                __subsf3
                0x00000316                __addsf3
 .text.avr-libc.fplib
                0x0000031e       0xc0 /usr/lib/gcc/avr/4.8.1/../../../avr/lib/avr4/libm.a(addsf3x.o)
                0x00000338                __addsf3x
 .text.avr-libc.fplib
                0x000003de        0x8 /usr/lib/gcc/avr/4.8.1/../../../avr/lib/avr4/libm.a(cmpsf2.o)
                0x000003de                __lesf2
                0x000003de                __nesf2
                0x000003de                __eqsf2
                0x000003de                __cmpsf2
                0x000003de                __ltsf2
 .text.avr-libc.fplib
                0x000003e6        0xa /usr/lib/gcc/avr/4.8.1/../../../avr/lib/avr4/libm.a(fixsfsi.o)
                0x000003e6                __fixsfsi
 .text.avr-libc.fplib
                0x000003f0       0x58 /usr/lib/gcc/avr/4.8.1/../../../avr/lib/avr4/libm.a(fixunssfsi.o)
                0x000003f0                __fixunssfsi
 .text.avr-libc.fplib
                0x00000448       0x7a /usr/lib/gcc/avr/4.8.1/../../../avr/lib/avr4/libm.a(floatsisf.o)
                0x00000448                __floatunsisf
                0x0000044c                __floatsisf
 .text.avr-libc.fplib
                0x000004c2       0x48 /usr/lib/gcc/avr/4.8.1/../../../avr/lib/avr4/libm.a(fp_cmp.o)
                0x000004c2                __fp_cmp
 .text.avr-libc.fplib
                0x0000050a        0xc /usr/lib/gcc/avr/4.8.1/../../../avr/lib/avr4/libm.a(fp_inf.o)
                0x0000050a                __fp_inf
 .text.avr-libc.fplib
                0x00000516        0x6 /usr/lib/gcc/avr/4.8.1/../../../avr/lib/avr4/libm.a(fp_nan.o)
                0x00000516                __fp_nan
 .text.avr-libc.fplib
                0x0000051c        0xe /usr/lib/gcc/avr/4.8.1/../../../avr/lib/avr4/libm.a(fp_pscA.o)
                0x0000051c                __fp_pscA
 .text.avr-libc.fplib
                0x0000052a        0xe /usr/lib/gcc/avr/4.8.1/../../../avr/lib/avr4/libm.a(fp_pscB.o)
                0x0000052a                __fp_pscB
 .text.avr-libc.fplib
                0x00000538       0x22 /usr/lib/gcc/avr/4.8.1/../../../avr/lib/avr4/libm.a(fp_round.o)
                0x00000538                __fp_round
 .text.avr-libc.fplib
                0x0000055a       0x44 /usr/lib/gcc/avr/4.8.1/../../../avr/lib/avr4/libm.a(fp_split3.o)
                0x0000055a                __fp_split3
                0x0000056a                __fp_splitA
 .text.avr-libc.fplib
                0x0000059e        0xe /usr/lib/gcc/avr/4.8.1/../../../avr/lib/avr4/libm.a(fp_zero.o)
                0x0000059e                __fp_zero
                0x000005a0                __fp_szero
 .text.avr-libc.fplib
                0x000005ac        0x8 /usr/lib/gcc/avr/4.8.1/../../../avr/lib/avr4/libm.a(gesf2.o)
                0x000005ac                __gtsf2
                0x000005ac                __gesf2
 .text.avr-libc.fplib
                0x000005b4        0x4 /usr/lib/gcc/avr/4.8.1/../../../avr/lib/avr4/libm.a(mulsf3.o)
                0x000005b4                __mulsf3
 .text.avr-libc.fplib
                0x000005b8       0xc2 /usr/lib/gcc/avr/4.8.1/../../../avr/lib/avr4/libm.a(mulsf3x.o)
                0x000005cc                __mulsf3x
                0x000005d0                __mulsf3_pse
 .text.avr-libc.fplib
                0x0000067a        0xe /usr/lib/gcc/avr/4.8.1/../../../avr/lib/avr4/libm.a(trunc.o)
                0x0000067a                trunc
 .text.avr-libc.fplib
                0x00000688       0x36 /usr/lib/gcc/avr/4.8.1/../../../avr/lib/avr4/libm.a(fp_mintl.o)
                0x00000688                __fp_mintl
 .text.avr-libc.fplib
                0x000006be       0x1c /usr/lib/gcc/avr/4.8.1/../../../avr/lib/avr4/libm.a(fp_mpack.o)
                0x000006be                __fp_mpack
                0x000006c2                __fp_mpack_finite
 .text.avr-libc.fplib
                0x000006da       0x2e /usr/lib/gcc/avr/4.8.1/../../../avr/lib/avr4/libm.a(fp_trunc.o)
                0x000006da                __fp_trunc
 .text.avr-libc
                0x00000708       0x3e /usr/lib/gcc/avr/4.8.1/../../../avr/lib/avr4/libc.a(sprintf.o)
                0x00000708                sprintf
 .text.avr-libc
                0x00000746      0x386 /usr/lib/gcc/avr/4.8.1/../../../avr/lib/avr4/libc.a(vfprintf_std.o)
                0x00000746                vfprintf
 .text.avr-libc
                0x00000acc       0x16 /usr/lib/gcc/avr/4.8.1/../../../avr/lib/avr4/libc.a(strnlen_P.o)
                0x00000acc                strnlen_P
 .text.avr-libc
                0x00000ae2       0x16 /usr/lib/gcc/avr/4.8.1/../../../avr/lib/avr4/libc.a(strnlen.o)
                0x00000ae2                strnlen
 .text.avr-libc
                0x00000af8       0x64 /usr/lib/gcc/avr/4.8.1/../../../avr/lib/avr4/libc.a(fputc.o)
                0x00000af8                fputc
 .text.avr-libc
                0x00000b5c       0xbc /usr/lib/gcc/avr/4.8.1/../../../avr/lib/avr4/libc.a(ultoa_invert.o)
                0x00000b5c                __ultoa_invert
 .text.libgcc.mul
                0x00000c18        0x0 /usr/lib/gcc/avr/4.8.1/avr4/libgcc.a(_prologue.o)
 .text.libgcc.div
                0x00000c18        0x0 /usr/lib/gcc/avr/4.8.1/avr4/libgcc.a(_prologue.o)
 .text.libgcc   0x00000c18        0x0 /usr/lib/gcc/avr/4.8.1/avr4/libgcc.a(_prologue.o)
 .text.libgcc.prologue
                0x00000c18       0x38 /usr/lib/gcc/avr/4.8.1/avr4/libgcc.a(_prologue.o)
                0x00000c18                __prologue_saves__
 .text.libgcc.builtins
                0x00000c50        0x0 /usr/lib/gcc/avr/4.8.1/avr4/libgcc.a(_prologue.o)
 .text.libgcc.fmul
                0x00000c50        0x0 /usr/lib/gcc/avr/4.8.1/avr4/libgcc.a(_prologue.o)
 .text.libgcc.fixed
                0x00000c50        0x0 /usr/lib/gcc/avr/4.8.1/avr4/libgcc.a(_prologue.o)
 .text.libgcc.mul
                0x00000c50        0x0 /usr/lib/gcc/avr/4.8.1/avr4/libgcc.a(_epilogue.o)
 .text.libgcc.div
                0x00000c50        0x0 /usr/lib/gcc/avr/4.8.1/avr4/libgcc.a(_epilogue.o)
 .text.libgcc   0x00000c50        0x0 /usr/lib/gcc/avr/4.8.1/avr4/libgcc.a(_epilogue.o)
 .text.libgcc.prologue
                0x00000c50       0x36 /usr/lib/gcc/avr/4.8.1/avr4/libgcc.a(_epilogue.o)
                0x00000c50                __epilogue_restores__
 .text.libgcc.builtins
                0x00000c86        0x0 /usr/lib/gcc/avr/4.8.1/avr4/libgcc.a(_epilogue.o)
 .text.libgcc.fmul
                0x00000c86        0x0 /usr/lib/gcc/avr/4.8.1/avr4/libgcc.a(_epilogue.o)
 .text.libgcc.fixed
                0x00000c86        0x0 /usr/lib/gcc/avr/4.8.1/avr4/libgcc.a(_epilogue.o)
                0x00000c86                . = ALIGN (0x2)
 *(.fini9)
 .fini9         0x00000c86        0x0 /usr/lib/gcc/avr/4.8.1/avr4/libgcc.a(_exit.o)
                0x00000c86                exit
                0x00000c86                _exit
 *(.fini9)
 *(.fini8)
 *(.fini8)
 *(.fini7)
 *(.fini7)
 *(.fini6)
 *(.fini6)
 *(.fini5)
 *(.fini5)
 *(.fini4)
 *(.fini4)
 *(.fini3)
 *(.fini3)
 *(.fini2)
 *(.fini2)
 *(.fini1)
 *(.fini1)
 *(.fini0)
 .fini0         0x00000c86        0x4 /usr/lib/gcc/avr/4.8.1/avr4/libgcc.a(_exit.o)
 *(.fini0)
                0x00000c8a                _etext = .

.data           0x00800060       0xb8 load address 0x00000c8a
                0x00800060                PROVIDE (__data_start, .)
 *(.data)
 .data          0x00800060        0x0 /usr/lib/gcc/avr/4.8.1/../../../avr/lib/avr4/crtm8.o
 .data          0x00800060        0x0 ./UART.o
 .data          0x00800060        0x0 ./main.o
 .data          0x00800060        0x0 /usr/lib/gcc/avr/4.8.1/avr4/libgcc.a(_exit.o)
 .data          0x00800060        0x0 /usr/lib/gcc/avr/4.8.1/avr4/libgcc.a(_copy_data.o)
 .data          0x00800060        0x0 /usr/lib/gcc/avr/4.8.1/../../../avr/lib/avr4/libm.a(addsf3.o)
 .data          0x00800060        0x0 /usr/lib/gcc/avr/4.8.1/../../../avr/lib/avr4/libm.a(addsf3x.o)
 .data          0x00800060        0x0 /usr/lib/gcc/avr/4.8.1/../../../avr/lib/avr4/libm.a(cmpsf2.o)
 .data          0x00800060        0x0 /usr/lib/gcc/avr/4.8.1/../../../avr/lib/avr4/libm.a(fixsfsi.o)
 .data          0x00800060        0x0 /usr/lib/gcc/avr/4.8.1/../../../avr/lib/avr4/libm.a(fixunssfsi.o)
 .data          0x00800060        0x0 /usr/lib/gcc/avr/4.8.1/../../../avr/lib/avr4/libm.a(floatsisf.o)
 .data          0x00800060        0x0 /usr/lib/gcc/avr/4.8.1/../../../avr/lib/avr4/libm.a(fp_cmp.o)
 .data          0x00800060        0x0 /usr/lib/gcc/avr/4.8.1/../../../avr/lib/avr4/libm.a(fp_inf.o)
 .data          0x00800060        0x0 /usr/lib/gcc/avr/4.8.1/../../../avr/lib/avr4/libm.a(fp_nan.o)
 .data          0x00800060        0x0 /usr/lib/gcc/avr/4.8.1/../../../avr/lib/avr4/libm.a(fp_pscA.o)
 .data          0x00800060        0x0 /usr/lib/gcc/avr/4.8.1/../../../avr/lib/avr4/libm.a(fp_pscB.o)
 .data          0x00800060        0x0 /usr/lib/gcc/avr/4.8.1/../../../avr/lib/avr4/libm.a(fp_round.o)
 .data          0x00800060        0x0 /usr/lib/gcc/avr/4.8.1/../../../avr/lib/avr4/libm.a(fp_split3.o)
 .data          0x00800060        0x0 /usr/lib/gcc/avr/4.8.1/../../../avr/lib/avr4/libm.a(fp_zero.o)
 .data          0x00800060        0x0 /usr/lib/gcc/avr/4.8.1/../../../avr/lib/avr4/libm.a(gesf2.o)
 .data          0x00800060        0x0 /usr/lib/gcc/avr/4.8.1/../../../avr/lib/avr4/libm.a(mulsf3.o)
 .data          0x00800060        0x0 /usr/lib/gcc/avr/4.8.1/../../../avr/lib/avr4/libm.a(mulsf3x.o)
 .data          0x00800060        0x0 /usr/lib/gcc/avr/4.8.1/../../../avr/lib/avr4/libm.a(trunc.o)
 .data          0x00800060        0x0 /usr/lib/gcc/avr/4.8.1/../../../avr/lib/avr4/libm.a(fp_mintl.o)
 .data          0x00800060        0x0 /usr/lib/gcc/avr/4.8.1/../../../avr/lib/avr4/libm.a(fp_mpack.o)
 .data          0x00800060        0x0 /usr/lib/gcc/avr/4.8.1/../../../avr/lib/avr4/libm.a(fp_trunc.o)
 .data          0x00800060        0x0 /usr/lib/gcc/avr/4.8.1/../../../avr/lib/avr4/libc.a(sprintf.o)
 .data          0x00800060        0x0 /usr/lib/gcc/avr/4.8.1/../../../avr/lib/avr4/libc.a(vfprintf_std.o)
 .data          0x00800060        0x0 /usr/lib/gcc/avr/4.8.1/../../../avr/lib/avr4/libc.a(strnlen_P.o)
 .data          0x00800060        0x0 /usr/lib/gcc/avr/4.8.1/../../../avr/lib/avr4/libc.a(strnlen.o)
 .data          0x00800060        0x0 /usr/lib/gcc/avr/4.8.1/../../../avr/lib/avr4/libc.a(fputc.o)
 .data          0x00800060        0x0 /usr/lib/gcc/avr/4.8.1/../../../avr/lib/avr4/libc.a(ultoa_invert.o)
 .data          0x00800060        0x0 /usr/lib/gcc/avr/4.8.1/avr4/libgcc.a(_prologue.o)
 .data          0x00800060        0x0 /usr/lib/gcc/avr/4.8.1/avr4/libgcc.a(_epilogue.o)
 *(.data*)
 *(.rodata)
 *(.rodata*)
 .rodata.str1.1
                0x00800060       0x66 ./UART.o
 .rodata.str1.1
                0x008000c6       0x51 ./main.o
                                 0x70 (size before relaxing)
 *(.gnu.linkonce.d*)
                0x00800118                . = ALIGN (0x2)
 *fill*         0x00800117        0x1 
                0x00800118                _edata = .
                0x00800118                PROVIDE (__data_end, .)

.bss            0x00800118        0x0
                0x00800118                PROVIDE (__bss_start, .)
 *(.bss)
 .bss           0x00800118        0x0 /usr/lib/gcc/avr/4.8.1/../../../avr/lib/avr4/crtm8.o
 .bss           0x00800118        0x0 ./UART.o
 .bss           0x00800118        0x0 ./main.o
 .bss           0x00800118        0x0 /usr/lib/gcc/avr/4.8.1/avr4/libgcc.a(_exit.o)
 .bss           0x00800118        0x0 /usr/lib/gcc/avr/4.8.1/avr4/libgcc.a(_copy_data.o)
 .bss           0x00800118        0x0 /usr/lib/gcc/avr/4.8.1/../../../avr/lib/avr4/libm.a(addsf3.o)
 .bss           0x00800118        0x0 /usr/lib/gcc/avr/4.8.1/../../../avr/lib/avr4/libm.a(addsf3x.o)
 .bss           0x00800118        0x0 /usr/lib/gcc/avr/4.8.1/../../../avr/lib/avr4/libm.a(cmpsf2.o)
 .bss           0x00800118        0x0 /usr/lib/gcc/avr/4.8.1/../../../avr/lib/avr4/libm.a(fixsfsi.o)
 .bss           0x00800118        0x0 /usr/lib/gcc/avr/4.8.1/../../../avr/lib/avr4/libm.a(fixunssfsi.o)
 .bss           0x00800118        0x0 /usr/lib/gcc/avr/4.8.1/../../../avr/lib/avr4/libm.a(floatsisf.o)
 .bss           0x00800118        0x0 /usr/lib/gcc/avr/4.8.1/../../../avr/lib/avr4/libm.a(fp_cmp.o)
 .bss           0x00800118        0x0 /usr/lib/gcc/avr/4.8.1/../../../avr/lib/avr4/libm.a(fp_inf.o)
 .bss           0x00800118        0x0 /usr/lib/gcc/avr/4.8.1/../../../avr/lib/avr4/libm.a(fp_nan.o)
 .bss           0x00800118        0x0 /usr/lib/gcc/avr/4.8.1/../../../avr/lib/avr4/libm.a(fp_pscA.o)
 .bss           0x00800118        0x0 /usr/lib/gcc/avr/4.8.1/../../../avr/lib/avr4/libm.a(fp_pscB.o)
 .bss           0x00800118        0x0 /usr/lib/gcc/avr/4.8.1/../../../avr/lib/avr4/libm.a(fp_round.o)
 .bss           0x00800118        0x0 /usr/lib/gcc/avr/4.8.1/../../../avr/lib/avr4/libm.a(fp_split3.o)
 .bss           0x00800118        0x0 /usr/lib/gcc/avr/4.8.1/../../../avr/lib/avr4/libm.a(fp_zero.o)
 .bss           0x00800118        0x0 /usr/lib/gcc/avr/4.8.1/../../../avr/lib/avr4/libm.a(gesf2.o)
 .bss           0x00800118        0x0 /usr/lib/gcc/avr/4.8.1/../../../avr/lib/avr4/libm.a(mulsf3.o)
 .bss           0x00800118        0x0 /usr/lib/gcc/avr/4.8.1/../../../avr/lib/avr4/libm.a(mulsf3x.o)
 .bss           0x00800118        0x0 /usr/lib/gcc/avr/4.8.1/../../../avr/lib/avr4/libm.a(trunc.o)
 .bss           0x00800118        0x0 /usr/lib/gcc/avr/4.8.1/../../../avr/lib/avr4/libm.a(fp_mintl.o)
 .bss           0x00800118        0x0 /usr/lib/gcc/avr/4.8.1/../../../avr/lib/avr4/libm.a(fp_mpack.o)
 .bss           0x00800118        0x0 /usr/lib/gcc/avr/4.8.1/../../../avr/lib/avr4/libm.a(fp_trunc.o)
 .bss           0x00800118        0x0 /usr/lib/gcc/avr/4.8.1/../../../avr/lib/avr4/libc.a(sprintf.o)
 .bss           0x00800118        0x0 /usr/lib/gcc/avr/4.8.1/../../../avr/lib/avr4/libc.a(vfprintf_std.o)
 .bss           0x00800118        0x0 /usr/lib/gcc/avr/4.8.1/../../../avr/lib/avr4/libc.a(strnlen_P.o)
 .bss           0x00800118        0x0 /usr/lib/gcc/avr/4.8.1/../../../avr/lib/avr4/libc.a(strnlen.o)
 .bss           0x00800118        0x0 /usr/lib/gcc/avr/4.8.1/../../../avr/lib/avr4/libc.a(fputc.o)
 .bss           0x00800118        0x0 /usr/lib/gcc/avr/4.8.1/../../../avr/lib/avr4/libc.a(ultoa_invert.o)
 .bss           0x00800118        0x0 /usr/lib/gcc/avr/4.8.1/avr4/libgcc.a(_prologue.o)
 .bss           0x00800118        0x0 /usr/lib/gcc/avr/4.8.1/avr4/libgcc.a(_epilogue.o)
 *(.bss*)
 *(COMMON)
                0x00800118                PROVIDE (__bss_end, .)
                0x00000c8a                __data_load_start = LOADADDR (.data)
                0x00000d42                __data_load_end = (__data_load_start + SIZEOF (.data))

.noinit         0x00800118        0x0
                0x00800118                PROVIDE (__noinit_start, .)
 *(.noinit*)
                0x00800118                PROVIDE (__noinit_end, .)
                0x00800118                _end = .
                0x00800118                PROVIDE (__heap_start, .)

.eeprom         0x00810000        0x0
 *(.eeprom*)
                0x00810000                __eeprom_end = .

.fuse
 *(.fuse)
 *(.lfuse)
 *(.hfuse)
 *(.efuse)

.lock
 *(.lock*)

.signature
 *(.signature*)

.user_signatures
 *(.user_signatures*)

.stab
 *(.stab)

.stabstr
 *(.stabstr)

.stab.excl
 *(.stab.excl)

.stab.exclstr
 *(.stab.exclstr)

.stab.index
 *(.stab.index)

.stab.indexstr
 *(.stab.indexstr)

.comment        0x00000000       0x11
 *(.comment)
 .comment       0x00000000       0x11 ./UART.o
                                 0x12 (size before relaxing)
 .comment       0x00000000       0x12 ./main.o
 .comment       0x00000000       0x12 /usr/lib/gcc/avr/4.8.1/../../../avr/lib/avr4/libc.a(sprintf.o)
 .comment       0x00000000       0x12 /usr/lib/gcc/avr/4.8.1/../../../avr/lib/avr4/libc.a(vfprintf_std.o)
 .comment       0x00000000       0x12 /usr/lib/gcc/avr/4.8.1/../../../avr/lib/avr4/libc.a(fputc.o)

.note.gnu.build-id
 *(.note.gnu.build-id)

.debug
 *(.debug)

.line
 *(.line)

.debug_srcinfo
 *(.debug_srcinfo)

.debug_sfnames
 *(.debug_sfnames)

.debug_aranges
 *(.debug_aranges)

.debug_pubnames
 *(.debug_pubnames)

.debug_info
 *(.debug_info .gnu.linkonce.wi.*)

.debug_abbrev
 *(.debug_abbrev)

.debug_line
 *(.debug_line .debug_line.* .debug_line_end)

.debug_frame
 *(.debug_frame)

.debug_str
 *(.debug_str)

.debug_loc
 *(.debug_loc)

.debug_macinfo
 *(.debug_macinfo)

.debug_weaknames
 *(.debug_weaknames)

.debug_funcnames
 *(.debug_funcnames)

.debug_typenames
 *(.debug_typenames)

.debug_varnames
 *(.debug_varnames)

.debug_pubtypes
 *(.debug_pubtypes)

.debug_ranges
 *(.debug_ranges)

.debug_macro
 *(.debug_macro)
OUTPUT(PS.elf elf32-avr)
LOAD linker stubs
